// Jest Snapshot v1, https://goo.gl/fbAQLP

exports[`renders without crashing 1`] = `
ShallowWrapper {
  "length": 1,
  Symbol(enzyme.__root__): [Circular],
  Symbol(enzyme.__unrendered__): <About />,
  Symbol(enzyme.__renderer__): Object {
    "batchedUpdates": [Function],
    "getNode": [Function],
    "render": [Function],
    "simulateEvent": [Function],
    "unmount": [Function],
  },
  Symbol(enzyme.__node__): Object {
    "instance": null,
    "key": undefined,
    "nodeType": "host",
    "props": Object {
      "children": Array [
        <NavBar />,
        <Headline
          text="Lingo Bingo"
/>,
        <Container
          ml="auto"
          mr="auto"
          px={3}
>
          <Heading
                    bold={true}
                    f={5}
                    is="h2"
                    m={0}
                    my={
                              Array [
                                        2,
                                        3,
                                      ]
                    }
          >
                    About
          </Heading>
          <Text
                    m={0}
          >
                    A game inspired by some coworkers seeking relief from the ridiculous corporate-speak we endured on all those conference calls. Unbeknownst to us, the 
                    <Link
                              color="blue"
                              href="https://en.wikipedia.org/wiki/Buzzword_bingo"
                              style={
                                        Object {
                                                  "textDecoration": "none",
                                                }
                              }
                    >
                              concept
                    </Link>
                     has actually existed for quite a while. But that's no reason not to online-ify it!
                    <br />
                    <br />
                    Play Lingo Bingo during your next conference call or meeting. It might even give you a reason to pay attention.
          </Text>
</Container>,
      ],
    },
    "ref": null,
    "rendered": Array [
      Object {
        "instance": null,
        "key": undefined,
        "nodeType": "function",
        "props": Object {},
        "ref": null,
        "rendered": null,
        "type": [Function],
      },
      Object {
        "instance": null,
        "key": undefined,
        "nodeType": "function",
        "props": Object {
          "text": "Lingo Bingo",
        },
        "ref": null,
        "rendered": null,
        "type": [Function],
      },
      Object {
        "instance": null,
        "key": undefined,
        "nodeType": "class",
        "props": Object {
          "children": Array [
            <Heading
              bold={true}
              f={5}
              is="h2"
              m={0}
              my={
                            Array [
                                          2,
                                          3,
                                        ]
              }
>
              About
</Heading>,
            <Text
              m={0}
>
              A game inspired by some coworkers seeking relief from the ridiculous corporate-speak we endured on all those conference calls. Unbeknownst to us, the 
              <Link
                            color="blue"
                            href="https://en.wikipedia.org/wiki/Buzzword_bingo"
                            style={
                                          Object {
                                                        "textDecoration": "none",
                                                      }
                            }
              >
                            concept
              </Link>
               has actually existed for quite a while. But that's no reason not to online-ify it!
              <br />
              <br />
              Play Lingo Bingo during your next conference call or meeting. It might even give you a reason to pay attention.
</Text>,
          ],
          "ml": "auto",
          "mr": "auto",
          "px": 3,
        },
        "ref": null,
        "rendered": Array [
          Object {
            "instance": null,
            "key": undefined,
            "nodeType": "class",
            "props": Object {
              "bold": true,
              "children": "About",
              "f": 5,
              "is": "h2",
              "m": 0,
              "my": Array [
                2,
                3,
              ],
            },
            "ref": null,
            "rendered": "About",
            "type": [Function],
          },
          Object {
            "instance": null,
            "key": undefined,
            "nodeType": "class",
            "props": Object {
              "children": Array [
                "A game inspired by some coworkers seeking relief from the ridiculous corporate-speak we endured on all those conference calls. Unbeknownst to us, the ",
                <Link
                  color="blue"
                  href="https://en.wikipedia.org/wiki/Buzzword_bingo"
                  style={
                                    Object {
                                                      "textDecoration": "none",
                                                    }
                  }
>
                  concept
</Link>,
                " has actually existed for quite a while. But that's no reason not to online-ify it!",
                <br />,
                <br />,
                "Play Lingo Bingo during your next conference call or meeting. It might even give you a reason to pay attention.",
              ],
              "m": 0,
            },
            "ref": null,
            "rendered": Array [
              "A game inspired by some coworkers seeking relief from the ridiculous corporate-speak we endured on all those conference calls. Unbeknownst to us, the ",
              Object {
                "instance": null,
                "key": undefined,
                "nodeType": "class",
                "props": Object {
                  "children": "concept",
                  "color": "blue",
                  "href": "https://en.wikipedia.org/wiki/Buzzword_bingo",
                  "style": Object {
                    "textDecoration": "none",
                  },
                },
                "ref": null,
                "rendered": "concept",
                "type": [Function],
              },
              " has actually existed for quite a while. But that's no reason not to online-ify it!",
              Object {
                "instance": null,
                "key": undefined,
                "nodeType": "host",
                "props": Object {},
                "ref": null,
                "rendered": null,
                "type": "br",
              },
              Object {
                "instance": null,
                "key": undefined,
                "nodeType": "host",
                "props": Object {},
                "ref": null,
                "rendered": null,
                "type": "br",
              },
              "Play Lingo Bingo during your next conference call or meeting. It might even give you a reason to pay attention.",
            ],
            "type": [Function],
          },
        ],
        "type": [Function],
      },
    ],
    "type": "div",
  },
  Symbol(enzyme.__nodes__): Array [
    Object {
      "instance": null,
      "key": undefined,
      "nodeType": "host",
      "props": Object {
        "children": Array [
          <NavBar />,
          <Headline
            text="Lingo Bingo"
/>,
          <Container
            ml="auto"
            mr="auto"
            px={3}
>
            <Heading
                        bold={true}
                        f={5}
                        is="h2"
                        m={0}
                        my={
                                    Array [
                                                2,
                                                3,
                                              ]
                        }
            >
                        About
            </Heading>
            <Text
                        m={0}
            >
                        A game inspired by some coworkers seeking relief from the ridiculous corporate-speak we endured on all those conference calls. Unbeknownst to us, the 
                        <Link
                                    color="blue"
                                    href="https://en.wikipedia.org/wiki/Buzzword_bingo"
                                    style={
                                                Object {
                                                            "textDecoration": "none",
                                                          }
                                    }
                        >
                                    concept
                        </Link>
                         has actually existed for quite a while. But that's no reason not to online-ify it!
                        <br />
                        <br />
                        Play Lingo Bingo during your next conference call or meeting. It might even give you a reason to pay attention.
            </Text>
</Container>,
        ],
      },
      "ref": null,
      "rendered": Array [
        Object {
          "instance": null,
          "key": undefined,
          "nodeType": "function",
          "props": Object {},
          "ref": null,
          "rendered": null,
          "type": [Function],
        },
        Object {
          "instance": null,
          "key": undefined,
          "nodeType": "function",
          "props": Object {
            "text": "Lingo Bingo",
          },
          "ref": null,
          "rendered": null,
          "type": [Function],
        },
        Object {
          "instance": null,
          "key": undefined,
          "nodeType": "class",
          "props": Object {
            "children": Array [
              <Heading
                bold={true}
                f={5}
                is="h2"
                m={0}
                my={
                                Array [
                                                2,
                                                3,
                                              ]
                }
>
                About
</Heading>,
              <Text
                m={0}
>
                A game inspired by some coworkers seeking relief from the ridiculous corporate-speak we endured on all those conference calls. Unbeknownst to us, the 
                <Link
                                color="blue"
                                href="https://en.wikipedia.org/wiki/Buzzword_bingo"
                                style={
                                                Object {
                                                                "textDecoration": "none",
                                                              }
                                }
                >
                                concept
                </Link>
                 has actually existed for quite a while. But that's no reason not to online-ify it!
                <br />
                <br />
                Play Lingo Bingo during your next conference call or meeting. It might even give you a reason to pay attention.
</Text>,
            ],
            "ml": "auto",
            "mr": "auto",
            "px": 3,
          },
          "ref": null,
          "rendered": Array [
            Object {
              "instance": null,
              "key": undefined,
              "nodeType": "class",
              "props": Object {
                "bold": true,
                "children": "About",
                "f": 5,
                "is": "h2",
                "m": 0,
                "my": Array [
                  2,
                  3,
                ],
              },
              "ref": null,
              "rendered": "About",
              "type": [Function],
            },
            Object {
              "instance": null,
              "key": undefined,
              "nodeType": "class",
              "props": Object {
                "children": Array [
                  "A game inspired by some coworkers seeking relief from the ridiculous corporate-speak we endured on all those conference calls. Unbeknownst to us, the ",
                  <Link
                    color="blue"
                    href="https://en.wikipedia.org/wiki/Buzzword_bingo"
                    style={
                                        Object {
                                                            "textDecoration": "none",
                                                          }
                    }
>
                    concept
</Link>,
                  " has actually existed for quite a while. But that's no reason not to online-ify it!",
                  <br />,
                  <br />,
                  "Play Lingo Bingo during your next conference call or meeting. It might even give you a reason to pay attention.",
                ],
                "m": 0,
              },
              "ref": null,
              "rendered": Array [
                "A game inspired by some coworkers seeking relief from the ridiculous corporate-speak we endured on all those conference calls. Unbeknownst to us, the ",
                Object {
                  "instance": null,
                  "key": undefined,
                  "nodeType": "class",
                  "props": Object {
                    "children": "concept",
                    "color": "blue",
                    "href": "https://en.wikipedia.org/wiki/Buzzword_bingo",
                    "style": Object {
                      "textDecoration": "none",
                    },
                  },
                  "ref": null,
                  "rendered": "concept",
                  "type": [Function],
                },
                " has actually existed for quite a while. But that's no reason not to online-ify it!",
                Object {
                  "instance": null,
                  "key": undefined,
                  "nodeType": "host",
                  "props": Object {},
                  "ref": null,
                  "rendered": null,
                  "type": "br",
                },
                Object {
                  "instance": null,
                  "key": undefined,
                  "nodeType": "host",
                  "props": Object {},
                  "ref": null,
                  "rendered": null,
                  "type": "br",
                },
                "Play Lingo Bingo during your next conference call or meeting. It might even give you a reason to pay attention.",
              ],
              "type": [Function],
            },
          ],
          "type": [Function],
        },
      ],
      "type": "div",
    },
  ],
  Symbol(enzyme.__options__): Object {
    "adapter": ReactSixteenAdapter {
      "options": Object {
        "enableComponentDidUpdateOnSetState": true,
      },
    },
  },
}
`;
